// Jest Snapshot v1, https://goo.gl/fbAQLP

exports[`concat() Should concatenate two arrays 1`] = `
Array [
  1,
  2,
  3,
  4,
  5,
  6,
]
`;
